exports[`Carousel should apply custom slides per page when responsive param provided 1`] = `
"<div class=\"carousel-inner\"
     style=\"width: 0px;\">
</div>
"
`;

exports[`Carousel should apply default carousel width when element has 0 width 1`] = `
"<div class=\"carousel-inner\"
     style=\"width: 0px;\">
</div>
"
`;

exports[`Carousel should be unable to advance backward by default 1`] = `
"<div class=\"carousel-inner\"
     style=\"width: 0px;\">
</div>
"
`;

exports[`Carousel should be unable to advance forward by default (no slides added) 1`] = `
"<div class=\"carousel-inner\"
     style=\"width: 0px;\">
</div>
"
`;

exports[`Carousel should decrease current slide number by 1 when advance page backward is called 1`] = `
"<div class=\"carousel-inner\"
     style=\"width: 0px;\">
  <div class=\"slide\"
       style=\"width: 0px;\">
  </div>

  <div class=\"slide\"
       style=\"width: 0px;\">
  </div>
</div>

<div class=\"pagination\">
  <div class=\"dot-container\">
    <div class=\"dot\"
         style=\"margin-top: 20px; padding: 10px;\">
      <div class=\"dot-inner\"
           style=\"width: 10px; height: 10px; background: rgb(239, 239, 239);\">
      </div>
    </div>

    <div class=\"dot\"
         style=\"margin-top: 20px; padding: 10px;\">
      <div class=\"dot-inner\"
           style=\"width: 10px; height: 10px; background: rgb(0, 0, 0);\">
      </div>
    </div>
  </div>
</div>
"
`;

exports[`Carousel should fall back to default slides per page when no responsive param provided 1`] = `
"<div class=\"carousel-inner\"
     style=\"width: 0px;\">
</div>
"
`;

exports[`Carousel should increase current slide number by 1 when advance page is called 1`] = `
"<div class=\"carousel-inner\"
     style=\"width: 0px;\">
  <div class=\"slide\"
       style=\"width: 0px;\">
  </div>

  <div class=\"slide\"
       style=\"width: 0px;\">
  </div>
</div>

<div class=\"pagination\">
  <div class=\"dot-container\">
    <div class=\"dot\"
         style=\"margin-top: 20px; padding: 10px;\">
      <div class=\"dot-inner\"
           style=\"width: 10px; height: 10px; background: rgb(239, 239, 239);\">
      </div>
    </div>

    <div class=\"dot\"
         style=\"margin-top: 20px; padding: 10px;\">
      <div class=\"dot-inner\"
           style=\"width: 10px; height: 10px; background: rgb(0, 0, 0);\">
      </div>
    </div>
  </div>
</div>
"
`;

exports[`Carousel should increase current slide number by 1 when advance page is called with a non "backward" argument 1`] = `
"<div class=\"carousel-inner\"
     style=\"width: 0px;\">
  <div class=\"slide\"
       style=\"width: 0px;\">
  </div>

  <div class=\"slide\"
       style=\"width: 0px;\">
  </div>
</div>

<div class=\"pagination\">
  <div class=\"dot-container\">
    <div class=\"dot\"
         style=\"margin-top: 20px; padding: 10px;\">
      <div class=\"dot-inner\"
           style=\"width: 10px; height: 10px; background: rgb(239, 239, 239);\">
      </div>
    </div>

    <div class=\"dot\"
         style=\"margin-top: 20px; padding: 10px;\">
      <div class=\"dot-inner\"
           style=\"width: 10px; height: 10px; background: rgb(0, 0, 0);\">
      </div>
    </div>
  </div>
</div>
"
`;

exports[`Carousel should mount successfully 1`] = `
"<div class=\"carousel-inner\"
     style=\"width: 0px;\">
</div>
"
`;

exports[`Carousel should unmount successfully 1`] = `
"<div class=\"carousel-inner\"
     style=\"width: 0px;\">
</div>
"
`;
