// Jest Snapshot v1, https://goo.gl/fbAQLP

exports[`Navigation should mount successfully 1`] = `
<section
  class="VueCarousel"
>
  <div
    class="VueCarousel-wrapper"
  >
    <div
      class="VueCarousel-inner"
      role="listbox"
      style="transform: translate(0px, 0); visibility: hidden; height: auto;"
    >
      <div
        class="VueCarousel-slide"
        tabindex="-1"
      />
      <div
        class="VueCarousel-slide VueCarousel-slide-active VueCarousel-slide-center"
        tabindex="-1"
      />
    </div>
  </div>
   
  <div
    class="VueCarousel-pagination"
    style=""
  >
    <ul
      class="VueCarousel-dot-container"
      role="tablist"
    >
      <li
        aria-hidden="false"
        aria-selected="false"
        class="VueCarousel-dot"
        role="presentation"
        style="margin-top: 20px; padding: 10px;"
      >
        <button
          aria-label="\`Item \${index}\`"
          class="VueCarousel-dot-button"
          role="button"
          style="width: 10px; height: 10px; background: rgb(239, 239, 239);"
          tabindex="0"
          title="Item 0"
          type="button"
        />
      </li>
      <li
        aria-hidden="false"
        aria-selected="true"
        class="VueCarousel-dot VueCarousel-dot--active"
        role="presentation"
        style="margin-top: 20px; padding: 10px;"
      >
        <button
          aria-label="\`Item \${index}\`"
          class="VueCarousel-dot-button"
          role="button"
          style="width: 10px; height: 10px; background: rgb(0, 0, 0);"
          tabindex="0"
          title="Item 1"
          type="button"
        />
      </li>
    </ul>
  </div>
   
  <div
    class="VueCarousel-navigation"
  >
    <button
      aria-label="Previous page"
      class="VueCarousel-navigation-button VueCarousel-navigation-prev"
      role="button"
      style="padding: 8px; margin-right: -8px;"
      type="button"
    >
      ◀
    </button>
     
    <button
      aria-label="Next page"
      class="VueCarousel-navigation-button VueCarousel-navigation-next VueCarousel-navigation--disabled"
      role="button"
      style="padding: 8px; margin-left: -8px;"
      type="button"
    >
      ▶
    </button>
  </div>
</section>
`;

exports[`Navigation should render a next button 1`] = `
<section
  class="VueCarousel"
>
  <div
    class="VueCarousel-wrapper"
  >
    <div
      class="VueCarousel-inner"
      role="listbox"
      style="transform: translate(0px, 0); visibility: hidden; height: auto;"
    >
      <div
        class="VueCarousel-slide"
        tabindex="-1"
      />
      <div
        class="VueCarousel-slide VueCarousel-slide-active VueCarousel-slide-center"
        tabindex="-1"
      />
    </div>
  </div>
   
  <div
    class="VueCarousel-pagination"
    style=""
  >
    <ul
      class="VueCarousel-dot-container"
      role="tablist"
    >
      <li
        aria-hidden="false"
        aria-selected="false"
        class="VueCarousel-dot"
        role="presentation"
        style="margin-top: 20px; padding: 10px;"
      >
        <button
          aria-label="\`Item \${index}\`"
          class="VueCarousel-dot-button"
          role="button"
          style="width: 10px; height: 10px; background: rgb(239, 239, 239);"
          tabindex="0"
          title="Item 0"
          type="button"
        />
      </li>
      <li
        aria-hidden="false"
        aria-selected="true"
        class="VueCarousel-dot VueCarousel-dot--active"
        role="presentation"
        style="margin-top: 20px; padding: 10px;"
      >
        <button
          aria-label="\`Item \${index}\`"
          class="VueCarousel-dot-button"
          role="button"
          style="width: 10px; height: 10px; background: rgb(0, 0, 0);"
          tabindex="0"
          title="Item 1"
          type="button"
        />
      </li>
    </ul>
  </div>
   
  <div
    class="VueCarousel-navigation"
  >
    <button
      aria-label="Previous page"
      class="VueCarousel-navigation-button VueCarousel-navigation-prev"
      role="button"
      style="padding: 8px; margin-right: -8px;"
      type="button"
    >
      ◀
    </button>
     
    <button
      aria-label="Next page"
      class="VueCarousel-navigation-button VueCarousel-navigation-next VueCarousel-navigation--disabled"
      role="button"
      style="padding: 8px; margin-left: -8px;"
      type="button"
    >
      ▶
    </button>
  </div>
</section>
`;

exports[`Navigation should render a prev button 1`] = `
<section
  class="VueCarousel"
>
  <div
    class="VueCarousel-wrapper"
  >
    <div
      class="VueCarousel-inner"
      role="listbox"
      style="transform: translate(0px, 0); visibility: hidden; height: auto;"
    >
      <div
        class="VueCarousel-slide"
        tabindex="-1"
      />
      <div
        class="VueCarousel-slide VueCarousel-slide-active VueCarousel-slide-center"
        tabindex="-1"
      />
    </div>
  </div>
   
  <div
    class="VueCarousel-pagination"
    style=""
  >
    <ul
      class="VueCarousel-dot-container"
      role="tablist"
    >
      <li
        aria-hidden="false"
        aria-selected="false"
        class="VueCarousel-dot"
        role="presentation"
        style="margin-top: 20px; padding: 10px;"
      >
        <button
          aria-label="\`Item \${index}\`"
          class="VueCarousel-dot-button"
          role="button"
          style="width: 10px; height: 10px; background: rgb(239, 239, 239);"
          tabindex="0"
          title="Item 0"
          type="button"
        />
      </li>
      <li
        aria-hidden="false"
        aria-selected="true"
        class="VueCarousel-dot VueCarousel-dot--active"
        role="presentation"
        style="margin-top: 20px; padding: 10px;"
      >
        <button
          aria-label="\`Item \${index}\`"
          class="VueCarousel-dot-button"
          role="button"
          style="width: 10px; height: 10px; background: rgb(0, 0, 0);"
          tabindex="0"
          title="Item 1"
          type="button"
        />
      </li>
    </ul>
  </div>
   
  <div
    class="VueCarousel-navigation"
  >
    <button
      aria-label="Previous page"
      class="VueCarousel-navigation-button VueCarousel-navigation-prev"
      role="button"
      style="padding: 8px; margin-right: -8px;"
      type="button"
    >
      ◀
    </button>
     
    <button
      aria-label="Next page"
      class="VueCarousel-navigation-button VueCarousel-navigation-next VueCarousel-navigation--disabled"
      role="button"
      style="padding: 8px; margin-left: -8px;"
      type="button"
    >
      ▶
    </button>
  </div>
</section>
`;

exports[`Navigation should trigger page advance backward when prev is clicked 1`] = `
<section
  class="VueCarousel"
>
  <div
    class="VueCarousel-wrapper"
  >
    <div
      class="VueCarousel-inner"
      role="listbox"
      style="transform: translate(0px, 0); visibility: hidden; height: auto;"
    >
      <div
        class="VueCarousel-slide"
        tabindex="-1"
      />
      <div
        class="VueCarousel-slide VueCarousel-slide-active VueCarousel-slide-center"
        tabindex="-1"
      />
    </div>
  </div>
   
  <div
    class="VueCarousel-pagination"
    style=""
  >
    <ul
      class="VueCarousel-dot-container"
      role="tablist"
    >
      <li
        aria-hidden="false"
        aria-selected="false"
        class="VueCarousel-dot"
        role="presentation"
        style="margin-top: 20px; padding: 10px;"
      >
        <button
          aria-label="\`Item \${index}\`"
          class="VueCarousel-dot-button"
          role="button"
          style="width: 10px; height: 10px; background: rgb(239, 239, 239);"
          tabindex="0"
          title="Item 0"
          type="button"
        />
      </li>
      <li
        aria-hidden="false"
        aria-selected="true"
        class="VueCarousel-dot VueCarousel-dot--active"
        role="presentation"
        style="margin-top: 20px; padding: 10px;"
      >
        <button
          aria-label="\`Item \${index}\`"
          class="VueCarousel-dot-button"
          role="button"
          style="width: 10px; height: 10px; background: rgb(0, 0, 0);"
          tabindex="0"
          title="Item 1"
          type="button"
        />
      </li>
    </ul>
  </div>
   
  <div
    class="VueCarousel-navigation"
  >
    <button
      aria-label="Previous page"
      class="VueCarousel-navigation-button VueCarousel-navigation-prev"
      role="button"
      style="padding: 8px; margin-right: -8px;"
      type="button"
    >
      ◀
    </button>
     
    <button
      aria-label="Next page"
      class="VueCarousel-navigation-button VueCarousel-navigation-next VueCarousel-navigation--disabled"
      role="button"
      style="padding: 8px; margin-left: -8px;"
      type="button"
    >
      ▶
    </button>
  </div>
</section>
`;

exports[`Navigation should trigger page advance when next is clicked 1`] = `
<section
  class="VueCarousel"
>
  <div
    class="VueCarousel-wrapper"
  >
    <div
      class="VueCarousel-inner"
      role="listbox"
      style="transform: translate(0px, 0); visibility: hidden; height: auto;"
    >
      <div
        class="VueCarousel-slide"
        tabindex="-1"
      />
      <div
        class="VueCarousel-slide VueCarousel-slide-active VueCarousel-slide-center"
        tabindex="-1"
      />
    </div>
  </div>
   
  <div
    class="VueCarousel-pagination"
    style=""
  >
    <ul
      class="VueCarousel-dot-container"
      role="tablist"
    >
      <li
        aria-hidden="false"
        aria-selected="false"
        class="VueCarousel-dot"
        role="presentation"
        style="margin-top: 20px; padding: 10px;"
      >
        <button
          aria-label="\`Item \${index}\`"
          class="VueCarousel-dot-button"
          role="button"
          style="width: 10px; height: 10px; background: rgb(239, 239, 239);"
          tabindex="0"
          title="Item 0"
          type="button"
        />
      </li>
      <li
        aria-hidden="false"
        aria-selected="true"
        class="VueCarousel-dot VueCarousel-dot--active"
        role="presentation"
        style="margin-top: 20px; padding: 10px;"
      >
        <button
          aria-label="\`Item \${index}\`"
          class="VueCarousel-dot-button"
          role="button"
          style="width: 10px; height: 10px; background: rgb(0, 0, 0);"
          tabindex="0"
          title="Item 1"
          type="button"
        />
      </li>
    </ul>
  </div>
   
  <div
    class="VueCarousel-navigation"
  >
    <button
      aria-label="Previous page"
      class="VueCarousel-navigation-button VueCarousel-navigation-prev"
      role="button"
      style="padding: 8px; margin-right: -8px;"
      type="button"
    >
      ◀
    </button>
     
    <button
      aria-label="Next page"
      class="VueCarousel-navigation-button VueCarousel-navigation-next VueCarousel-navigation--disabled"
      role="button"
      style="padding: 8px; margin-left: -8px;"
      type="button"
    >
      ▶
    </button>
  </div>
</section>
`;
