// Jest Snapshot v1, https://goo.gl/fbAQLP

exports[`Slide should mount successfully 1`] = `
<section class="VueCarousel">
  <div class="VueCarousel-wrapper">
    <div role="listbox" class="VueCarousel-inner" style="transform: translate(0px, 0); visibility: hidden; height: auto;">
      <div tabindex="-1" class="VueCarousel-slide"></div>
    </div>
  </div>
  <div class="VueCarousel-pagination" style="display: none;">
    <ul role="tablist" class="VueCarousel-dot-container">
      <li aria-hidden="false" role="presentation" aria-selected="true" class="VueCarousel-dot VueCarousel-dot--active" style="margin-top: 20px; padding: 10px;"><button type="button" role="button" aria-label="\`Item \${index}\`" title="Item 0" tabindex="0" class="VueCarousel-dot-button" style="width: 10px; height: 10px; background: rgb(0, 0, 0);"></button></li>
    </ul>
  </div>
  <!---->
</section>
`;
